[2026-04-16 17:43:43] [INFO] [TAG user] Log initialized.
[2026-04-16 17:43:43] [INFO] [TAG user] Image	false
[2026-04-16 17:43:43] [INFO] [TAG user] Image	true
[2026-04-16 17:43:43] [INFO] [TAG user] Rectangle
[2026-04-16 17:43:43] [INFO] [TAG user] Image	false
[2026-04-16 17:43:43] [INFO] [TAG user] Image	true
[2026-04-16 17:43:43] [INFO] [TAG user] Image	false
[2026-04-16 17:43:43] [INFO] [TAG user] Image	true
[2026-04-16 17:43:43] [INFO] [TAG user] Rectangle
[2026-04-16 17:43:43] [INFO] [TAG user] Image	false
[2026-04-16 17:43:43] [INFO] [TAG user] Image	true
[2026-04-16 17:43:43] [INFO] [TAG user] Image	false
[2026-04-16 17:43:43] [INFO] [TAG user] Image	true
[2026-04-16 17:43:43] [INFO] [TAG user] Rectangle
[2026-04-16 17:43:43] [INFO] [TAG user] Image	false
[2026-04-16 17:43:43] [INFO] [TAG user] Image	true
[2026-04-16 17:43:43] [INFO] [TAG user] Image	false
[2026-04-16 17:43:43] [INFO] [TAG user] Image	true
[2026-04-16 17:43:43] [INFO] [TAG user] Rectangle
[2026-04-16 17:43:43] [INFO] [TAG user] Image	false
[2026-04-16 17:43:43] [INFO] [TAG user] Image	true
[2026-04-16 17:43:43] [INFO] [TAG user] Image	false
[2026-04-16 17:43:43] [INFO] [TAG user] Image	true
[2026-04-16 17:43:43] [INFO] [TAG user] Rectangle
[2026-04-16 17:43:43] [INFO] [TAG user] Image	false
[2026-04-16 17:43:43] [INFO] [TAG user] Image	true
[2026-04-16 17:43:43] [INFO] [TAG user] Image	false
[2026-04-16 17:43:43] [INFO] [TAG user] Image	true
[2026-04-16 17:43:43] [INFO] [TAG user] Rectangle
[2026-04-16 17:43:43] [INFO] [TAG user] Image	false
[2026-04-16 17:43:43] [INFO] [TAG user] Image	true
[2026-04-16 17:43:43] [INFO] [TAG user] Image	false
[2026-04-16 17:43:43] [INFO] [TAG user] Image	true
[2026-04-16 17:43:43] [INFO] [TAG user] Rectangle
[2026-04-16 17:43:43] [INFO] [TAG user] Image	false
[2026-04-16 17:43:43] [INFO] [TAG user] Image	true
[2026-04-16 17:43:43] [INFO] [TAG user] Image	false
[2026-04-16 17:43:43] [INFO] [TAG user] Image	true
[2026-04-16 17:43:43] [INFO] [TAG user] Rectangle
[2026-04-16 17:43:43] [INFO] [TAG user] Image	false
[2026-04-16 17:43:43] [INFO] [TAG user] Image	true
[2026-04-16 17:43:43] [INFO] [TAG user] Image	false
[2026-04-16 17:43:43] [INFO] [TAG user] Image	true
[2026-04-16 17:43:43] [INFO] [TAG user] Rectangle
[2026-04-16 17:43:43] [INFO] [TAG user] Image	false
[2026-04-16 17:43:43] [INFO] [TAG user] Image	true
[2026-04-16 17:43:43] [INFO] [TAG user] Image	false
[2026-04-16 17:43:43] [INFO] [TAG user] Image	true
[2026-04-16 17:43:43] [INFO] [TAG user] Rectangle
[2026-04-16 17:43:43] [INFO] [TAG user] Image	false
[2026-04-16 17:43:43] [INFO] [TAG user] Image	true
[2026-04-16 17:43:43] [INFO] [TAG user] Image	false
[2026-04-16 17:43:43] [INFO] [TAG user] Image	true
[2026-04-16 17:43:43] [INFO] [TAG user] Rectangle
[2026-04-16 17:43:43] [INFO] [TAG user] Image	false
[2026-04-16 17:43:43] [INFO] [TAG user] Image	true
[2026-04-16 17:43:43] [INFO] [TAG user] Image	false
[2026-04-16 17:43:43] [INFO] [TAG user] Image	true
[2026-04-16 17:43:43] [INFO] [TAG user] Rectangle
[2026-04-16 17:43:43] [INFO] [TAG user] Image	false
[2026-04-16 17:43:43] [INFO] [TAG user] Image	true
[2026-04-16 17:43:43] [INFO] [TAG user] Image	false
[2026-04-16 17:43:43] [INFO] [TAG user] Image	true
[2026-04-16 17:43:43] [INFO] [TAG user] Rectangle
[2026-04-16 17:43:43] [INFO] [TAG user] Image	false
[2026-04-16 17:43:43] [INFO] [TAG user] Image	true
[2026-04-16 17:43:43] [INFO] [TAG user] Image	false
[2026-04-16 17:43:43] [INFO] [TAG user] Image	true
[2026-04-16 17:43:43] [INFO] [TAG user] Rectangle
[2026-04-16 17:43:43] [INFO] [TAG user] Image	false
[2026-04-16 17:43:43] [INFO] [TAG user] Image	true
[2026-04-16 17:43:44] [INFO] [TAG user] Image	false
[2026-04-16 17:43:44] [INFO] [TAG user] Image	true
[2026-04-16 17:43:44] [INFO] [TAG user] Rectangle
[2026-04-16 17:43:44] [INFO] [TAG user] Image	false
[2026-04-16 17:43:44] [INFO] [TAG user] Image	true
[2026-04-16 17:43:44] [INFO] [TAG user] Image	false
[2026-04-16 17:43:44] [INFO] [TAG user] Image	true
[2026-04-16 17:43:44] [INFO] [TAG user] Rectangle
[2026-04-16 17:43:44] [INFO] [TAG user] Image	false
[2026-04-16 17:43:44] [INFO] [TAG user] Image	true
[2026-04-16 17:43:44] [INFO] [TAG user] Image	false
[2026-04-16 17:43:44] [INFO] [TAG user] Image	true
[2026-04-16 17:43:44] [INFO] [TAG user] Rectangle
[2026-04-16 17:43:44] [INFO] [TAG user] Image	false
[2026-04-16 17:43:44] [INFO] [TAG user] Image	true
[2026-04-16 17:43:44] [INFO] [TAG user] Image	false
[2026-04-16 17:43:44] [INFO] [TAG user] Image	true
[2026-04-16 17:43:44] [INFO] [TAG user] Rectangle
[2026-04-16 17:43:44] [INFO] [TAG user] Image	false
[2026-04-16 17:43:44] [INFO] [TAG user] Image	true
[2026-04-16 17:43:44] [INFO] [TAG user] Image	false
[2026-04-16 17:43:44] [INFO] [TAG user] Image	true
[2026-04-16 17:43:44] [INFO] [TAG user] Rectangle
[2026-04-16 17:43:44] [INFO] [TAG user] Image	false
[2026-04-16 17:43:44] [INFO] [TAG user] Image	true
[2026-04-16 17:43:44] [INFO] [TAG user] Image	false
[2026-04-16 17:43:44] [INFO] [TAG user] Image	true
[2026-04-16 17:43:44] [INFO] [TAG user] Rectangle
[2026-04-16 17:43:44] [INFO] [TAG user] Image	false
[2026-04-16 17:43:44] [INFO] [TAG user] Image	true
[2026-04-16 17:43:44] [INFO] [TAG user] Image	false
[2026-04-16 17:43:44] [INFO] [TAG user] Image	true
[2026-04-16 17:43:44] [INFO] [TAG user] Rectangle
[2026-04-16 17:43:44] [INFO] [TAG user] Image	false
[2026-04-16 17:43:44] [INFO] [TAG user] Image	true
[2026-04-16 17:43:44] [INFO] [TAG user] Image	false
[2026-04-16 17:43:44] [INFO] [TAG user] Image	true
[2026-04-16 17:43:44] [INFO] [TAG user] Rectangle
[2026-04-16 17:43:44] [INFO] [TAG user] Image	false
[2026-04-16 17:43:44] [INFO] [TAG user] Image	true
[2026-04-16 17:43:44] [INFO] [TAG user] Image	false
[2026-04-16 17:43:44] [INFO] [TAG user] Image	true
[2026-04-16 17:43:44] [INFO] [TAG user] Rectangle
[2026-04-16 17:43:44] [INFO] [TAG user] Image	false
[2026-04-16 17:43:44] [INFO] [TAG user] Image	true
[2026-04-16 17:43:44] [INFO] [TAG user] Image	false
[2026-04-16 17:43:44] [INFO] [TAG user] Image	true
[2026-04-16 17:43:44] [INFO] [TAG user] Rectangle
[2026-04-16 17:43:44] [INFO] [TAG user] Image	false
[2026-04-16 17:43:44] [INFO] [TAG user] Image	true
[2026-04-16 17:43:44] [INFO] [TAG user] Image	false
[2026-04-16 17:43:44] [INFO] [TAG user] Image	true
[2026-04-16 17:43:44] [INFO] [TAG user] Rectangle
[2026-04-16 17:43:44] [INFO] [TAG user] Image	false
[2026-04-16 17:43:44] [INFO] [TAG user] Image	true
[2026-04-16 17:43:44] [INFO] [TAG user] Image	false
[2026-04-16 17:43:44] [INFO] [TAG user] Image	true
[2026-04-16 17:43:44] [INFO] [TAG user] Rectangle
[2026-04-16 17:43:44] [INFO] [TAG user] Image	false
[2026-04-16 17:43:44] [INFO] [TAG user] Image	true
[2026-04-16 17:43:44] [INFO] [TAG user] Image	false
[2026-04-16 17:43:44] [INFO] [TAG user] Image	true
[2026-04-16 17:43:44] [INFO] [TAG user] Rectangle
[2026-04-16 17:43:44] [INFO] [TAG user] Image	false
[2026-04-16 17:43:44] [INFO] [TAG user] Image	true
[2026-04-16 17:43:44] [INFO] [TAG user] Image	false
[2026-04-16 17:43:44] [INFO] [TAG user] Image	true
[2026-04-16 17:43:44] [INFO] [TAG user] Rectangle
[2026-04-16 17:43:44] [INFO] [TAG user] Image	false
[2026-04-16 17:43:44] [INFO] [TAG user] Image	true
[2026-04-16 17:43:44] [INFO] [TAG user] Image	false
[2026-04-16 17:43:44] [INFO] [TAG user] Image	true
[2026-04-16 17:43:44] [INFO] [TAG user] Rectangle
[2026-04-16 17:43:44] [INFO] [TAG user] Image	false
[2026-04-16 17:43:44] [INFO] [TAG user] Image	true
[2026-04-16 17:43:44] [INFO] [TAG user] Image	false
[2026-04-16 17:43:44] [INFO] [TAG user] Image	true
[2026-04-16 17:43:44] [INFO] [TAG user] Rectangle
[2026-04-16 17:43:44] [INFO] [TAG user] Image	false
[2026-04-16 17:43:44] [INFO] [TAG user] Image	true
[2026-04-16 17:43:44] [INFO] [TAG user] Image	false
[2026-04-16 17:43:44] [INFO] [TAG user] Image	true
[2026-04-16 17:43:44] [INFO] [TAG user] Rectangle
[2026-04-16 17:43:44] [INFO] [TAG user] Image	false
[2026-04-16 17:43:44] [INFO] [TAG user] Image	true
[2026-04-16 17:43:44] [INFO] [TAG user] Image	false
[2026-04-16 17:43:44] [INFO] [TAG user] Image	true
[2026-04-16 17:43:44] [INFO] [TAG user] Rectangle
[2026-04-16 17:43:44] [INFO] [TAG user] Image	false
[2026-04-16 17:43:44] [INFO] [TAG user] Image	true
[2026-04-16 17:43:44] [INFO] [TAG user] Image	false
[2026-04-16 17:43:44] [INFO] [TAG user] Image	true
[2026-04-16 17:43:44] [INFO] [TAG user] Rectangle
[2026-04-16 17:43:44] [INFO] [TAG user] Image	false
[2026-04-16 17:43:44] [INFO] [TAG user] Image	true
[2026-04-16 17:43:44] [INFO] [TAG user] Image	false
[2026-04-16 17:43:44] [INFO] [TAG user] Image	true
[2026-04-16 17:43:44] [INFO] [TAG user] Rectangle
[2026-04-16 17:43:44] [INFO] [TAG user] Image	false
[2026-04-16 17:43:44] [INFO] [TAG user] Image	true
[2026-04-16 17:43:44] [INFO] [TAG user] Image	false
[2026-04-16 17:43:44] [INFO] [TAG user] Image	true
[2026-04-16 17:43:44] [INFO] [TAG user] Rectangle
[2026-04-16 17:43:44] [INFO] [TAG user] Image	false
[2026-04-16 17:43:44] [INFO] [TAG user] Image	true
[2026-04-16 17:43:44] [INFO] [TAG user] Image	false
[2026-04-16 17:43:44] [INFO] [TAG user] Image	true
[2026-04-16 17:43:44] [INFO] [TAG user] Rectangle
[2026-04-16 17:43:44] [INFO] [TAG user] Image	false
[2026-04-16 17:43:44] [INFO] [TAG user] Image	true
[2026-04-16 17:43:44] [INFO] [TAG user] Image	false
[2026-04-16 17:43:44] [INFO] [TAG user] Image	true
[2026-04-16 17:43:44] [INFO] [TAG user] Rectangle
[2026-04-16 17:43:44] [INFO] [TAG user] Image	false
[2026-04-16 17:43:44] [INFO] [TAG user] Image	true
[2026-04-16 17:43:44] [INFO] [TAG user] Image	false
[2026-04-16 17:43:44] [INFO] [TAG user] Image	true
[2026-04-16 17:43:44] [INFO] [TAG user] Rectangle
[2026-04-16 17:43:44] [INFO] [TAG user] Image	false
[2026-04-16 17:43:44] [INFO] [TAG user] Image	true
[2026-04-16 17:43:44] [INFO] [TAG user] Image	false
[2026-04-16 17:43:44] [INFO] [TAG user] Image	true
[2026-04-16 17:43:44] [INFO] [TAG user] Rectangle
[2026-04-16 17:43:44] [INFO] [TAG user] Image	false
[2026-04-16 17:43:44] [INFO] [TAG user] Image	true
[2026-04-16 17:43:44] [INFO] [TAG user] Image	false
[2026-04-16 17:43:44] [INFO] [TAG user] Image	true
[2026-04-16 17:43:44] [INFO] [TAG user] Rectangle
[2026-04-16 17:43:44] [INFO] [TAG user] Image	false
[2026-04-16 17:43:44] [INFO] [TAG user] Image	true
[2026-04-16 17:43:44] [INFO] [TAG user] Image	false
[2026-04-16 17:43:44] [INFO] [TAG user] Image	true
[2026-04-16 17:43:44] [INFO] [TAG user] Rectangle
[2026-04-16 17:43:44] [INFO] [TAG user] Image	false
[2026-04-16 17:43:44] [INFO] [TAG user] Image	true
[2026-04-16 17:43:44] [INFO] [TAG user] Image	false
[2026-04-16 17:43:44] [INFO] [TAG user] Image	true
[2026-04-16 17:43:44] [INFO] [TAG user] Rectangle
[2026-04-16 17:43:44] [INFO] [TAG user] Image	false
[2026-04-16 17:43:44] [INFO] [TAG user] Image	true
[2026-04-16 17:43:44] [INFO] [TAG user] Image	false
[2026-04-16 17:43:44] [INFO] [TAG user] Image	true
[2026-04-16 17:43:44] [INFO] [TAG user] Rectangle
[2026-04-16 17:43:44] [INFO] [TAG user] Image	false
[2026-04-16 17:43:44] [INFO] [TAG user] Image	true
[2026-04-16 17:43:44] [INFO] [TAG user] Image	false
[2026-04-16 17:43:44] [INFO] [TAG user] Image	true
[2026-04-16 17:43:44] [INFO] [TAG user] Rectangle
[2026-04-16 17:43:44] [INFO] [TAG user] Image	false
[2026-04-16 17:43:44] [INFO] [TAG user] Image	true
[2026-04-16 17:43:44] [INFO] [TAG user] Image	false
[2026-04-16 17:43:44] [INFO] [TAG user] Image	true
[2026-04-16 17:43:44] [INFO] [TAG user] Rectangle
[2026-04-16 17:43:44] [INFO] [TAG user] Image	false
[2026-04-16 17:43:44] [INFO] [TAG user] Image	true
[2026-04-16 17:43:44] [INFO] [TAG user] Image	false
[2026-04-16 17:43:44] [INFO] [TAG user] Image	true
[2026-04-16 17:43:44] [INFO] [TAG user] Rectangle
[2026-04-16 17:43:44] [INFO] [TAG user] Image	false
[2026-04-16 17:43:44] [INFO] [TAG user] Image	true
[2026-04-16 17:43:44] [INFO] [TAG user] Image	false
[2026-04-16 17:43:44] [INFO] [TAG user] Image	true
[2026-04-16 17:43:44] [INFO] [TAG user] Rectangle
[2026-04-16 17:43:44] [INFO] [TAG user] Image	false
[2026-04-16 17:43:44] [INFO] [TAG user] Image	true
[2026-04-16 17:43:44] [INFO] [TAG user] Image	false
[2026-04-16 17:43:44] [INFO] [TAG user] Image	true
[2026-04-16 17:43:44] [INFO] [TAG user] Rectangle
[2026-04-16 17:43:44] [INFO] [TAG user] Image	false
[2026-04-16 17:43:44] [INFO] [TAG user] Image	true
[2026-04-16 17:43:44] [INFO] [TAG user] Image	false
[2026-04-16 17:43:44] [INFO] [TAG user] Image	true
[2026-04-16 17:43:44] [INFO] [TAG user] Rectangle
[2026-04-16 17:43:44] [INFO] [TAG user] Image	false
[2026-04-16 17:43:44] [INFO] [TAG user] Image	true
[2026-04-16 17:43:44] [INFO] [TAG user] Image	false
[2026-04-16 17:43:44] [INFO] [TAG user] Image	true
[2026-04-16 17:43:44] [INFO] [TAG user] Rectangle
[2026-04-16 17:43:44] [INFO] [TAG user] Image	false
[2026-04-16 17:43:44] [INFO] [TAG user] Image	true
[2026-04-16 17:43:44] [INFO] [TAG user] Image	false
[2026-04-16 17:43:44] [INFO] [TAG user] Image	true
[2026-04-16 17:43:44] [INFO] [TAG user] Rectangle
[2026-04-16 17:43:44] [INFO] [TAG user] Image	false
[2026-04-16 17:43:44] [INFO] [TAG user] Image	true
[2026-04-16 17:43:44] [INFO] [TAG user] Image	false
[2026-04-16 17:43:44] [INFO] [TAG user] Image	true
[2026-04-16 17:43:44] [INFO] [TAG user] Rectangle
[2026-04-16 17:43:44] [INFO] [TAG user] Image	false
[2026-04-16 17:43:44] [INFO] [TAG user] Image	true
[2026-04-16 17:43:44] [INFO] [TAG user] Image	false
[2026-04-16 17:43:44] [INFO] [TAG user] Image	true
[2026-04-16 17:43:44] [INFO] [TAG user] Rectangle
[2026-04-16 17:43:44] [INFO] [TAG user] Image	false
[2026-04-16 17:43:44] [INFO] [TAG user] Image	true
[2026-04-16 17:43:44] [INFO] [TAG user] Image	false
[2026-04-16 17:43:44] [INFO] [TAG user] Image	true
[2026-04-16 17:43:44] [INFO] [TAG user] Rectangle
[2026-04-16 17:43:44] [INFO] [TAG user] Image	false
[2026-04-16 17:43:44] [INFO] [TAG user] Image	true
[2026-04-16 17:43:44] [INFO] [TAG user] Image	false
[2026-04-16 17:43:44] [INFO] [TAG user] Image	true
[2026-04-16 17:43:44] [INFO] [TAG user] Rectangle
[2026-04-16 17:43:44] [INFO] [TAG user] Image	false
[2026-04-16 17:43:44] [INFO] [TAG user] Image	true
[2026-04-16 17:43:44] [INFO] [TAG user] Image	false
[2026-04-16 17:43:44] [INFO] [TAG user] Image	true
[2026-04-16 17:43:44] [INFO] [TAG user] Rectangle
[2026-04-16 17:43:44] [INFO] [TAG user] Image	false
[2026-04-16 17:43:44] [INFO] [TAG user] Image	true
[2026-04-16 17:43:44] [INFO] [TAG user] Image	false
[2026-04-16 17:43:44] [INFO] [TAG user] Image	true
[2026-04-16 17:43:44] [INFO] [TAG user] Rectangle
[2026-04-16 17:43:44] [INFO] [TAG user] Image	false
[2026-04-16 17:43:44] [INFO] [TAG user] Image	true
[2026-04-16 17:43:44] [INFO] [TAG user] Image	false
[2026-04-16 17:43:44] [INFO] [TAG user] Image	true
[2026-04-16 17:43:44] [INFO] [TAG user] Rectangle
[2026-04-16 17:43:44] [INFO] [TAG user] Image	false
[2026-04-16 17:43:44] [INFO] [TAG user] Image	true
[2026-04-16 17:43:44] [INFO] [TAG user] Image	false
[2026-04-16 17:43:44] [INFO] [TAG user] Image	true
[2026-04-16 17:43:44] [INFO] [TAG user] Rectangle
[2026-04-16 17:43:44] [INFO] [TAG user] Image	false
[2026-04-16 17:43:44] [INFO] [TAG user] Image	true
[2026-04-16 17:43:44] [INFO] [TAG user] Image	false
[2026-04-16 17:43:44] [INFO] [TAG user] Image	true
[2026-04-16 17:43:44] [INFO] [TAG user] Rectangle
[2026-04-16 17:43:44] [INFO] [TAG user] Image	false
[2026-04-16 17:43:44] [INFO] [TAG user] Image	true
[2026-04-16 17:43:44] [INFO] [TAG user] Image	false
[2026-04-16 17:43:44] [INFO] [TAG user] Image	true
[2026-04-16 17:43:44] [INFO] [TAG user] Rectangle
[2026-04-16 17:43:44] [INFO] [TAG user] Image	false
[2026-04-16 17:43:44] [INFO] [TAG user] Image	true
[2026-04-16 17:43:44] [INFO] [TAG user] Image	false
[2026-04-16 17:43:44] [INFO] [TAG user] Image	true
[2026-04-16 17:43:44] [INFO] [TAG user] Rectangle
[2026-04-16 17:43:44] [INFO] [TAG user] Image	false
[2026-04-16 17:43:44] [INFO] [TAG user] Image	true
[2026-04-16 17:43:44] [INFO] [TAG user] Image	false
[2026-04-16 17:43:44] [INFO] [TAG user] Image	true
[2026-04-16 17:43:44] [INFO] [TAG user] Rectangle
[2026-04-16 17:43:44] [INFO] [TAG user] Image	false
[2026-04-16 17:43:44] [INFO] [TAG user] Image	true
[2026-04-16 17:43:44] [INFO] [TAG user] Image	false
[2026-04-16 17:43:44] [INFO] [TAG user] Image	true
[2026-04-16 17:43:44] [INFO] [TAG user] Rectangle
[2026-04-16 17:43:44] [INFO] [TAG user] Image	false
[2026-04-16 17:43:44] [INFO] [TAG user] Image	true
[2026-04-16 17:43:44] [INFO] [TAG user] Image	false
[2026-04-16 17:43:44] [INFO] [TAG user] Image	true
[2026-04-16 17:43:44] [INFO] [TAG user] Rectangle
[2026-04-16 17:43:44] [INFO] [TAG user] Image	false
[2026-04-16 17:43:44] [INFO] [TAG user] Image	true
[2026-04-16 17:43:44] [INFO] [TAG user] Image	false
[2026-04-16 17:43:44] [INFO] [TAG user] Image	true
[2026-04-16 17:43:44] [INFO] [TAG user] Rectangle
[2026-04-16 17:43:44] [INFO] [TAG user] Image	false
[2026-04-16 17:43:44] [INFO] [TAG user] Image	true
[2026-04-16 17:43:44] [INFO] [TAG user] Image	false
[2026-04-16 17:43:44] [INFO] [TAG user] Image	true
[2026-04-16 17:43:44] [INFO] [TAG user] Rectangle
[2026-04-16 17:43:44] [INFO] [TAG user] Image	false
[2026-04-16 17:43:44] [INFO] [TAG user] Image	true
[2026-04-16 17:43:44] [INFO] [TAG user] Image	false
[2026-04-16 17:43:44] [INFO] [TAG user] Image	true
[2026-04-16 17:43:44] [INFO] [TAG user] Rectangle
[2026-04-16 17:43:44] [INFO] [TAG user] Image	false
[2026-04-16 17:43:44] [INFO] [TAG user] Image	true
[2026-04-16 17:43:44] [INFO] [TAG user] Image	false
[2026-04-16 17:43:44] [INFO] [TAG user] Image	true
[2026-04-16 17:43:44] [INFO] [TAG user] Rectangle
[2026-04-16 17:43:44] [INFO] [TAG user] Image	false
[2026-04-16 17:43:44] [INFO] [TAG user] Image	true
[2026-04-16 17:43:44] [INFO] [TAG user] Image	false
[2026-04-16 17:43:44] [INFO] [TAG user] Image	true
[2026-04-16 17:43:44] [INFO] [TAG user] Rectangle
[2026-04-16 17:43:44] [INFO] [TAG user] Image	false
[2026-04-16 17:43:44] [INFO] [TAG user] Image	true
[2026-04-16 17:43:44] [INFO] [TAG user] Image	false
[2026-04-16 17:43:44] [INFO] [TAG user] Image	true
[2026-04-16 17:43:44] [INFO] [TAG user] Rectangle
[2026-04-16 17:43:44] [INFO] [TAG user] Image	false
[2026-04-16 17:43:44] [INFO] [TAG user] Image	true
[2026-04-16 17:43:44] [INFO] [TAG user] Image	false
[2026-04-16 17:43:44] [INFO] [TAG user] Image	true
[2026-04-16 17:43:44] [INFO] [TAG user] Rectangle
[2026-04-16 17:43:44] [INFO] [TAG user] Image	false
[2026-04-16 17:43:44] [INFO] [TAG user] Image	true
[2026-04-16 17:43:45] [INFO] [TAG user] Exiting.
[2026-04-16 17:43:45] [INFO] [TAG user] Log finalized.
